
> temp-app@0.1.0 build
> next build

  Ôû▓ Next.js 14.2.35

   Creating an optimized production build ...
 Ô£ô Compiled successfully
   Linting and checking validity of types ...

./src/components/home/whitening/index.tsx
63:25  Warning: Using `<img>` could result in slower LCP and higher bandwidth. Consider using `<Image />` from `next/image` to automatically optimize images. This may incur additional usage or cost from your provider. See: https://nextjs.org/docs/messages/no-img-element  @next/next/no-img-element

info  - Need to disable some ESLint rules? Learn more here: https://nextjs.org/docs/basic-features/eslint#disabling-rules
node.exe : Failed to 
compile.
At line:1 char:1
+ & "C:\Program 
Files\nodejs/node.exe" 
"C:\Program 
Files\nodejs/node_mo 
...
+ ~~~~~~~~~~~~~~~~~~~~~
~~~~~~~~~~~~~~~~~~~~~~~
~~~~~~~~~~~~~~~~~~~~~~~
~~
    + CategoryInfo     
         : NotSpecifi  
  ed: (Failed to com   
 pile.:String) [],     
RemoteException
    + FullyQualifiedEr 
   rorId : NativeComm  
  andError
 

./src/components/home/a
ppointment/index.tsx:71
:17
Type error: Type '{ 
hidden: { opacity: 
number; y: number; }; 
visible: { opacity: 
number; y: number; 
transition: { 
duration: number; 
ease: string; }; }; }' 
is not assignable to 
type 'Variants'.
  Property 'visible' 
is incompatible with 
index signature.
    Type '{ opacity: 
number; y: number; 
transition: { 
duration: number; 
ease: string; }; }' is 
not assignable to type 
'Variant'.
      Type '{ opacity: 
number; y: number; 
transition: { 
duration: number; 
ease: string; }; }' is 
not assignable to type 
'TargetAndTransition'.
        Type '{ 
opacity: number; y: 
number; transition: { 
duration: number; 
ease: string; }; }' is 
not assignable to type 
'{ transition?: 
Transition<any> | 
undefined; 
transitionEnd?: 
ResolvedValues$1 | 
undefined; }'.
          Types of 
property 'transition' 
are incompatible.
            Type '{ 
duration: number; 
ease: string; }' is 
not assignable to type 
'Transition<any> | 
undefined'.
              Type '{ 
duration: number; 
ease: string; }' is 
not assignable to type 
'TransitionWithValueOve
rrides<any>'.
                Type 
'{ duration: number; 
ease: string; }' is 
not assignable to type 
'ValueAnimationTransiti
on<any>'.
                  
Types of property 
'ease' are 
incompatible.
                    
Type 'string' is not 
assignable to type 
'Easing | Easing[] | 
undefined'.

[0m [90m 69 |[39m   
          {[90m/* 
Overlapping White Form 
Card */[39m}[0m
[0m [90m 70 |[39m   
          [33m<[39m[
33mmotion[39m[33m.[3
9mdiv[0m
[0m[31m[1m>[22m[39
m[90m 71 |[39m       
          variants[33m
=[39m{formVariant}[0m
[0m [90m    |[39m   
              [31m[1m
^[22m[39m[0m
[0m [90m 72 |[39m   
              initial[
33m=[39m[32m"hidden"
[39m[0m
[0m [90m 73 |[39m   
              whileInVi
ew[33m=[39m[32m"visi
ble"[39m[0m
[0m [90m 74 |[39m   
              
viewport[33m=[39m{{ 
once[33m:[39m 
[36mtrue[39m }}[0m
Next.js build worker 
exited with code: 1 
and signal: null
